2026-10-07T10:00:00|Info|Сообщение №1
{"date":"2026-10-07T10:01:00","level":"Warning","message":"Сообщение №2"}
2026-10-07T10:02:00|Error|Сообщение №3
{"date":"2026-10-07T10:03:00","level":"Debug","message":"Сообщение №4"}
2026-10-07T10:04:00|Info|Сообщение №5
{"date":"2026-10-07T10:05:00","level":"Warning","message":"Сообщение №6"}
2026-10-07T10:06:00|Error|Сообщение №7
{"date":"2026-10-07T10:07:00","level":"Debug","message":"Сообщение №8"}
2026-10-07T10:08:00|Info|Сообщение №9
{"date":"2026-10-07T10:09:00","level":"Warning","message":"Сообщение №10"}
2026-10-07T10:10:00|Error|Сообщение №11
{"date":"2026-10-07T10:11:00","level":"Debug","message":"Сообщение №12"}
2026-10-07T10:12:00|Info|Сообщение №13
{"date":"2026-10-07T10:13:00","level":"Warning","message":"Сообщение №14"}
2026-10-07T10:14:00|Error|Сообщение №15
{"date":"2026-10-07T10:15:00","level":"Debug","message":"Сообщение №16"}
2026-10-07T10:16:00|Info|Сообщение №17
{"date":"2026-10-07T10:17:00","level":"Warning","message":"Сообщение №18"}
2026-10-07T10:18:00|Error|Сообщение №19
{"date":"2026-10-07T10:19:00","level":"Debug","message":"Сообщение №20"}
2026-10-07T10:20:00|Info|Сообщение №21
{"date":"2026-10-07T10:21:00","level":"Warning","message":"Сообщение №22"}
2026-10-07T10:22:00|Error|Сообщение №23
{"date":"2026-10-07T10:23:00","level":"Debug","message":"Сообщение №24"}
2026-10-07T10:24:00|Info|Сообщение №25
{"date":"2026-10-07T10:25:00","level":"Warning","message":"Сообщение №26"}
2026-10-07T10:26:00|Error|Сообщение №27
{"date":"2026-10-07T10:27:00","level":"Debug","message":"Сообщение №28"}
2026-10-07T10:28:00|Info|Сообщение №29
{"date":"2026-10-07T10:29:00","level":"Warning","message":"Сообщение №30"}
2026-10-07T10:30:00|Error|Сообщение №31
{"date":"2026-10-07T10:31:00","level":"Debug","message":"Сообщение №32"}
2026-10-07T10:32:00|Info|Сообщение №33
{"date":"2026-10-07T10:33:00","level":"Warning","message":"Сообщение №34"}
2026-10-07T10:34:00|Error|Сообщение №35
{"date":"2026-10-07T10:35:00","level":"Debug","message":"Сообщение №36"}
2026-10-07T10:36:00|Info|Сообщение №37
{"date":"2026-10-07T10:37:00","level":"Warning","message":"Сообщение №38"}
2026-10-07T10:38:00|Error|Сообщение №39
{"date":"2026-10-07T10:39:00","level":"Debug","message":"Сообщение №40"}
2026-10-07T10:40:00|Info|Сообщение №41
{"date":"2026-10-07T10:41:00","level":"Warning","message":"Сообщение №42"}
2026-10-07T10:42:00|Error|Сообщение №43
{"date":"2026-10-07T10:43:00","level":"Debug","message":"Сообщение №44"}
2026-10-07T10:44:00|Info|Сообщение №45
{"date":"2026-10-07T10:45:00","level":"Warning","message":"Сообщение №46"}
2026-10-07T10:46:00|Error|Сообщение №47
{"date":"2026-10-07T10:47:00","level":"Debug","message":"Сообщение №48"}
2026-10-07T10:48:00|Info|Сообщение №49
{"date":"2026-10-07T10:49:00","level":"Warning","message":"Сообщение №50"}
это плохая строка без разделителей
2026-10-07T10:51:00|Info
неправильная|запись|
2026-10-07T10:54:00|Unknown
{"date":"неверная дата","level":"Error","message":"Ошибка"}
{"date":"2026-10-07T10:56:00","message":"Нет уровня"}
{сломанный json
123456789
|||

